stm32g0xx_hal_uart.c:3631:13:UART_EndTxTransfer	12	static,ignoring_inline_asm
stm32g0xx_hal_uart.c:3647:13:UART_EndRxTransfer	12	static,ignoring_inline_asm
stm32g0xx_hal_uart.c:4052:13:UART_TxISR_8BIT.part.0	12	static,ignoring_inline_asm
stm32g0xx_hal_uart.c:4052:13:UART_TxISR_8BIT	8	static
stm32g0xx_hal_uart.c:4081:13:UART_TxISR_16BIT	8	static
stm32g0xx_hal_uart.c:4113:13:UART_TxISR_8BIT_FIFOEN.part.0	12	static,ignoring_inline_asm
stm32g0xx_hal_uart.c:4113:13:UART_TxISR_8BIT_FIFOEN	16	static
stm32g0xx_hal_uart.c:4153:13:UART_TxISR_16BIT_FIFOEN	16	static
stm32g0xx_hal_uart.c:670:13:HAL_UART_MspInit	0	static
stm32g0xx_hal_uart.c:685:13:HAL_UART_MspDeInit	0	static
stm32g0xx_hal_uart.c:624:19:HAL_UART_DeInit	16	static
stm32g0xx_hal_uart.c:1333:19:HAL_UART_Transmit_IT	20	static,ignoring_inline_asm
stm32g0xx_hal_uart.c:1482:19:HAL_UART_Transmit_DMA	32	static,ignoring_inline_asm
stm32g0xx_hal_uart.c:1623:19:HAL_UART_DMAPause	20	static,ignoring_inline_asm
stm32g0xx_hal_uart.c:1657:19:HAL_UART_DMAResume	16	static,ignoring_inline_asm
stm32g0xx_hal_uart.c:1689:19:HAL_UART_DMAStop	16	static,ignoring_inline_asm
stm32g0xx_hal_uart.c:1764:19:HAL_UART_Abort	16	static,ignoring_inline_asm
stm32g0xx_hal_uart.c:1865:19:HAL_UART_AbortTransmit	16	static,ignoring_inline_asm
stm32g0xx_hal_uart.c:1923:19:HAL_UART_AbortReceive	16	static,ignoring_inline_asm
stm32g0xx_hal_uart.c:2643:13:HAL_UART_TxCpltCallback	0	static
stm32g0xx_hal_uart.c:3673:13:UART_DMATransmitCplt	16	static,ignoring_inline_asm
stm32g0xx_hal_uart.c:2658:13:HAL_UART_TxHalfCpltCallback	0	static
stm32g0xx_hal_uart.c:3707:13:UART_DMATxHalfCplt	8	static
stm32g0xx_hal_uart.c:2673:13:HAL_UART_RxCpltCallback	0	static
stm32g0xx_hal_uart.c:2688:13:HAL_UART_RxHalfCpltCallback	0	static
stm32g0xx_hal_uart.c:2703:13:HAL_UART_ErrorCallback	0	static
stm32g0xx_hal_uart.c:3816:13:UART_DMAError	16	static
stm32g0xx_hal_uart.c:3856:13:UART_DMAAbortOnError	8	static
stm32g0xx_hal_uart.c:2718:13:HAL_UART_AbortCpltCallback	0	static
stm32g0xx_hal_uart.c:1990:19:HAL_UART_Abort_IT	16	static,ignoring_inline_asm
stm32g0xx_hal_uart.c:3934:13:UART_DMARxAbortCallback	8	static
stm32g0xx_hal_uart.c:3879:13:UART_DMATxAbortCallback	8	static
stm32g0xx_hal_uart.c:2733:13:HAL_UART_AbortTransmitCpltCallback	0	static
stm32g0xx_hal_uart.c:2142:19:HAL_UART_AbortTransmit_IT	16	static,ignoring_inline_asm
stm32g0xx_hal_uart.c:3986:13:UART_DMATxOnlyAbortCallback	8	static
stm32g0xx_hal_uart.c:2748:13:HAL_UART_AbortReceiveCpltCallback	0	static
stm32g0xx_hal_uart.c:2232:19:HAL_UART_AbortReceive_IT	16	static,ignoring_inline_asm
stm32g0xx_hal_uart.c:4019:13:UART_DMARxOnlyAbortCallback	8	static
stm32g0xx_hal_uart.c:2765:13:HAL_UARTEx_RxEventCallback	0	static
stm32g0xx_hal_uart.c:2324:6:HAL_UART_IRQHandler	32	static,ignoring_inline_asm
stm32g0xx_hal_uart.c:4219:13:UART_RxISR_8BIT.part.0	16	static,ignoring_inline_asm
stm32g0xx_hal_uart.c:4296:13:UART_RxISR_16BIT	8	static
stm32g0xx_hal_uart.c:4219:13:UART_RxISR_8BIT	8	static
stm32g0xx_hal_uart.c:4375:13:UART_RxISR_8BIT_FIFOEN	40	static,ignoring_inline_asm
stm32g0xx_hal_uart.c:4523:13:UART_RxISR_16BIT_FIFOEN	40	static,ignoring_inline_asm
stm32g0xx_hal_uart.c:3782:13:UART_DMARxHalfCplt	8	static
stm32g0xx_hal_uart.c:3725:13:UART_DMAReceiveCplt	16	static,ignoring_inline_asm
stm32g0xx_hal_uart.c:2813:6:HAL_UART_ReceiverTimeout_Config	0	static
stm32g0xx_hal_uart.c:2828:19:HAL_UART_EnableReceiverTimeout	12	static
stm32g0xx_hal_uart.c:2866:19:HAL_UART_DisableReceiverTimeout	12	static
stm32g0xx_hal_uart.c:2944:6:HAL_MultiProcessor_EnterMuteMode	0	static
stm32g0xx_hal_uart.c:2954:19:HAL_HalfDuplex_EnableTransmitter	20	static,ignoring_inline_asm
stm32g0xx_hal_uart.c:2977:19:HAL_HalfDuplex_EnableReceiver	20	static,ignoring_inline_asm
stm32g0xx_hal_uart.c:3001:19:HAL_LIN_SendBreak	8	static
stm32g0xx_hal_uart.c:3046:23:HAL_UART_GetState	0	static
stm32g0xx_hal_uart.c:3062:10:HAL_UART_GetError	0	static
stm32g0xx_hal_uart.c:3108:19:UART_SetConfig	16	static
stm32g0xx_hal_uart.c:3319:6:UART_AdvFeatureConfig	12	static
stm32g0xx_hal_uart.c:3444:19:UART_WaitOnFlagUntilTimeout	32	static,ignoring_inline_asm
stm32g0xx_hal_uart.c:1126:19:HAL_UART_Transmit	48	static
stm32g0xx_hal_uart.c:1231:19:HAL_UART_Receive	48	static
stm32g0xx_hal_uart.c:3393:19:UART_CheckIdleState	24	static
stm32g0xx_hal_uart.c:307:19:HAL_UART_Init	16	static
stm32g0xx_hal_uart.c:380:19:HAL_HalfDuplex_Init	16	static
stm32g0xx_hal_uart.c:453:19:HAL_LIN_Init	16	static
stm32g0xx_hal_uart.c:550:19:HAL_MultiProcessor_Init	24	static
stm32g0xx_hal_uart.c:2904:19:HAL_MultiProcessor_EnableMuteMode	16	static,ignoring_inline_asm
stm32g0xx_hal_uart.c:2924:19:HAL_MultiProcessor_DisableMuteMode	16	static,ignoring_inline_asm
stm32g0xx_hal_uart.c:3508:19:UART_Start_Receive_IT	16	static,ignoring_inline_asm
stm32g0xx_hal_uart.c:1423:19:HAL_UART_Receive_IT	16	static,ignoring_inline_asm
stm32g0xx_hal_uart.c:3574:19:UART_Start_Receive_DMA	32	static,ignoring_inline_asm
stm32g0xx_hal_uart.c:1574:19:HAL_UART_Receive_DMA	16	static,ignoring_inline_asm
